0.707107
0.612372
0.467707
0.385276
0.309359
0.250975
0.202824
0.164156
0.132784
0.107431
------------
1.214844
0.624023
1.161133
